// Jest Snapshot v1, https://goo.gl/fbAQLP

exports[`Snapshot Checks snapshot 1`] = `
<form
  class="v-form"
  novalidate="novalidate"
>
  <div
    class="container new-capsule-wrapper lighten-5"
  >
    <div
      class="row space-around align-center justify-space-around"
    >
      <div
        class="pt-2 col-sm-6 col-md-4 col-lg-3 col"
      >
        <i
          aria-hidden="true"
          class="v-icon notranslate mr-2 mdi mdi-clock-time-four-outline theme--light"
        />
         
        <label>
           Select timeframe 
        </label>
      </div>
       
      <div
        class="col-sm-6 col-md-8 col-lg-9 col"
      >
        <div
          class="v-input d-inline-flex ml-2 v-input--is-label-active v-input--is-dirty v-input--dense theme--light v-text-field v-text-field--enclosed v-text-field--outlined"
        >
          <div
            class="v-input__control"
          >
            <div
              class="v-input__slot"
            >
              <fieldset
                aria-hidden="true"
              >
                <legend
                  style="width: 0px;"
                >
                  <span
                    class="notranslate"
                  >
                    ​
                  </span>
                </legend>
              </fieldset>
              <div
                class="v-text-field__slot"
              >
                <label
                  class="v-label v-label--active theme--light"
                  for="date_picker_start"
                  style="left: 0px; position: absolute;"
                >
                  Select start date
                </label>
                <input
                  id="date_picker_start"
                  type="datetime-local"
                />
              </div>
            </div>
            <div
              class="v-text-field__details"
            >
              <div
                class="v-messages theme--light"
              >
                <transition-group-stub
                  class="v-messages__wrapper"
                  name="message-transition"
                  tag="div"
                />
              </div>
            </div>
          </div>
        </div>
         
        <div
          class="v-input d-inline-flex ml-2 v-input--is-label-active v-input--is-dirty v-input--dense theme--light v-text-field v-text-field--enclosed v-text-field--outlined"
        >
          <div
            class="v-input__control"
          >
            <div
              class="v-input__slot"
            >
              <fieldset
                aria-hidden="true"
              >
                <legend
                  style="width: 0px;"
                >
                  <span
                    class="notranslate"
                  >
                    ​
                  </span>
                </legend>
              </fieldset>
              <div
                class="v-text-field__slot"
              >
                <label
                  class="v-label v-label--active theme--light"
                  for="date_picker_end"
                  style="left: 0px; position: absolute;"
                >
                  Select end date
                </label>
                <input
                  id="date_picker_end"
                  type="datetime-local"
                />
              </div>
            </div>
            <div
              class="v-text-field__details"
            >
              <div
                class="v-messages theme--light"
              >
                <transition-group-stub
                  class="v-messages__wrapper"
                  name="message-transition"
                  tag="div"
                />
              </div>
            </div>
          </div>
        </div>
      </div>
    </div>
     
    <div
      class="row align-start justify-start"
    >
      <div
        class="col-sm-12 col-md-12 col-lg-12 col"
      >
        <div
          class="v-input v-input--is-label-active v-input--is-dirty v-input--dense theme--light v-text-field v-text-field--enclosed v-text-field--outlined v-text-field--placeholder"
        >
          <div
            class="v-input__control"
          >
            <div
              class="v-input__slot"
            >
              <fieldset
                aria-hidden="true"
              >
                <legend
                  style="width: 0px;"
                >
                  <span
                    class="notranslate"
                  >
                    ​
                  </span>
                </legend>
              </fieldset>
              <div
                class="v-text-field__slot"
              >
                <label
                  class="v-label v-label--active theme--light"
                  for="funds_input"
                  style="left: 0px; position: absolute;"
                >
                  Enter funds
                </label>
                <input
                  id="funds_input"
                  min="1"
                  step="1"
                  type="number"
                />
                <div
                  class="v-text-field__suffix"
                >
                  USD
                </div>
              </div>
            </div>
            <div
              class="v-text-field__details"
            >
              <div
                class="v-messages theme--light"
              >
                <transition-group-stub
                  class="v-messages__wrapper"
                  name="message-transition"
                  tag="div"
                />
              </div>
            </div>
          </div>
        </div>
      </div>
    </div>
     
    <div
      class="row align-start justify-start"
    >
      <div
        class="col-sm-12 col-md-12 col-lg-12 col"
      >
        <button
          class="submit-btn v-btn v-btn--is-elevated v-btn--has-bg theme--light v-size--x-large blue"
          id="search-btn"
          type="button"
        >
          <span
            class="v-btn__content"
          >
             Search 
          </span>
        </button>
      </div>
    </div>
  </div>
</form>
`;
